{
  "version": "1.5.0",
  "plugins_used": [
    {
      "name": "ArtifactoryDetector"
    },
    {
      "name": "AWSKeyDetector"
    },
    {
      "name": "AzureStorageKeyDetector"
    },
    {
      "name": "Base64HighEntropyString",
      "limit": 4.5
    },
    {
      "name": "BasicAuthDetector"
    },
    {
      "name": "CloudantDetector"
    },
    {
      "name": "DiscordBotTokenDetector"
    },
    {
      "name": "GitHubTokenDetector"
    },
    {
      "name": "GitLabTokenDetector"
    },
    {
      "name": "HexHighEntropyString",
      "limit": 3.0
    },
    {
      "name": "IbmCloudIamDetector"
    },
    {
      "name": "IbmCosHmacDetector"
    },
    {
      "name": "IPPublicDetector"
    },
    {
      "name": "JwtTokenDetector"
    },
    {
      "name": "KeywordDetector",
      "keyword_exclude": ""
    },
    {
      "name": "MailchimpDetector"
    },
    {
      "name": "NpmDetector"
    },
    {
      "name": "OpenAIDetector"
    },
    {
      "name": "PrivateKeyDetector"
    },
    {
      "name": "PypiTokenDetector"
    },
    {
      "name": "SendGridDetector"
    },
    {
      "name": "SlackDetector"
    },
    {
      "name": "SoftlayerDetector"
    },
    {
      "name": "SquareOAuthDetector"
    },
    {
      "name": "StripeDetector"
    },
    {
      "name": "TelegramBotTokenDetector"
    },
    {
      "name": "TwilioKeyDetector"
    }
  ],
  "filters_used": [
    {
      "path": "detect_secrets.filters.allowlist.is_line_allowlisted"
    },
    {
      "path": "detect_secrets.filters.common.is_baseline_file",
      "filename": ".secrets.baseline"
    },
    {
      "path": "detect_secrets.filters.common.is_ignored_due_to_verification_policies",
      "min_level": 2
    },
    {
      "path": "detect_secrets.filters.heuristic.is_indirect_reference"
    },
    {
      "path": "detect_secrets.filters.heuristic.is_likely_id_string"
    },
    {
      "path": "detect_secrets.filters.heuristic.is_lock_file"
    },
    {
      "path": "detect_secrets.filters.heuristic.is_not_alphanumeric_string"
    },
    {
      "path": "detect_secrets.filters.heuristic.is_potential_uuid"
    },
    {
      "path": "detect_secrets.filters.heuristic.is_prefixed_with_dollar_sign"
    },
    {
      "path": "detect_secrets.filters.heuristic.is_sequential_string"
    },
    {
      "path": "detect_secrets.filters.heuristic.is_swagger_file"
    },
    {
      "path": "detect_secrets.filters.heuristic.is_templated_secret"
    },
    {
      "path": "detect_secrets.filters.regex.should_exclude_file",
      "pattern": [
        "\\.git/|htmlcov/|build/|dist/|__pycache__/|tests/test_meta/_.*\\.json"
      ]
    }
  ],
  "results": {
    "src\\pyutilz\\database\\db.py": [
      {
        "type": "Basic Auth Credentials",
        "filename": "src\\pyutilz\\database\\db.py",
        "hashed_secret": "347cd9c53ff77d41a7b22aa56c7b4efaf54658e3",
        "is_verified": false,
        "line_number": 142
      }
    ],
    "src\\pyutilz\\web\\browser.py": [
      {
        "type": "Secret Keyword",
        "filename": "src\\pyutilz\\web\\browser.py",
        "hashed_secret": "5baa61e4c9b93f3f0682250b6cf8331b7ee68fd8",
        "is_verified": false,
        "line_number": 60
      }
    ],
    "src\\pyutilz\\web\\proxy\\base.py": [
      {
        "type": "Basic Auth Credentials",
        "filename": "src\\pyutilz\\web\\proxy\\base.py",
        "hashed_secret": "9d4e1e23bd5b727046a9e3b4b7db57bd8d6ee684",
        "is_verified": false,
        "line_number": 273
      }
    ],
    "tests\\test_llm_openai_compat.py": [
      {
        "type": "Secret Keyword",
        "filename": "tests\\test_llm_openai_compat.py",
        "hashed_secret": "3acfb2c2b433c0ea7ff107e33df91b18e52f960f",
        "is_verified": false,
        "line_number": 31
      }
    ],
    "tests\\test_llm_openrouter.py": [
      {
        "type": "Secret Keyword",
        "filename": "tests\\test_llm_openrouter.py",
        "hashed_secret": "3acfb2c2b433c0ea7ff107e33df91b18e52f960f",
        "is_verified": false,
        "line_number": 34
      },
      {
        "type": "Secret Keyword",
        "filename": "tests\\test_llm_openrouter.py",
        "hashed_secret": "0d1919ff4eebc7af7ee04381259deedc059369aa",
        "is_verified": false,
        "line_number": 679
      }
    ],
    "tests\\test_llm_provider_extras.py": [
      {
        "type": "Secret Keyword",
        "filename": "tests\\test_llm_provider_extras.py",
        "hashed_secret": "3acfb2c2b433c0ea7ff107e33df91b18e52f960f",
        "is_verified": false,
        "line_number": 35
      }
    ],
    "tests\\test_meta\\_api_snapshot.json": [
      {
        "type": "Secret Keyword",
        "filename": "tests\\test_meta\\_api_snapshot.json",
        "hashed_secret": "8f6034929b264a7a74ad7e10e76666477344920a",
        "is_verified": false,
        "line_number": 31
      },
      {
        "type": "Secret Keyword",
        "filename": "tests\\test_meta\\_api_snapshot.json",
        "hashed_secret": "a2750af056b86da532c70abf7f5256ff6d7e66e2",
        "is_verified": false,
        "line_number": 33
      }
    ],
    "tests\\test_proxy.py": [
      {
        "type": "Secret Keyword",
        "filename": "tests\\test_proxy.py",
        "hashed_secret": "ed65c049bb2f78ee4f703b2158ba9cc6ea31fb7e",
        "is_verified": false,
        "line_number": 34
      },
      {
        "type": "Secret Keyword",
        "filename": "tests\\test_proxy.py",
        "hashed_secret": "e48c47f1431afd3bb030deea266b4309e2228c5b",
        "is_verified": false,
        "line_number": 175
      }
    ],
    "tests\\test_system_extra2.py": [
      {
        "type": "Secret Keyword",
        "filename": "tests\\test_system_extra2.py",
        "hashed_secret": "99d72c7fc3e2e145870beab37c0b70e343ea9c3b",
        "is_verified": false,
        "line_number": 54
      }
    ],
    "tests\\test_web_extra.py": [
      {
        "type": "Basic Auth Credentials",
        "filename": "tests\\test_web_extra.py",
        "hashed_secret": "9d4e1e23bd5b727046a9e3b4b7db57bd8d6ee684",
        "is_verified": false,
        "line_number": 233
      }
    ]
  },
  "generated_at": "2026-05-07T12:56:40Z"
}
