{
  "version": "1.5.0",
  "plugins_used": [
    {
      "name": "ArtifactoryDetector"
    },
    {
      "name": "AWSKeyDetector"
    },
    {
      "name": "AzureStorageKeyDetector"
    },
    {
      "name": "Base64HighEntropyString",
      "limit": 4.5
    },
    {
      "name": "BasicAuthDetector"
    },
    {
      "name": "CloudantDetector"
    },
    {
      "name": "DiscordBotTokenDetector"
    },
    {
      "name": "GitHubTokenDetector"
    },
    {
      "name": "GitLabTokenDetector"
    },
    {
      "name": "HexHighEntropyString",
      "limit": 3.0
    },
    {
      "name": "IbmCloudIamDetector"
    },
    {
      "name": "IbmCosHmacDetector"
    },
    {
      "name": "IPPublicDetector"
    },
    {
      "name": "JwtTokenDetector"
    },
    {
      "name": "KeywordDetector",
      "keyword_exclude": ""
    },
    {
      "name": "MailchimpDetector"
    },
    {
      "name": "NpmDetector"
    },
    {
      "name": "OpenAIDetector"
    },
    {
      "name": "PrivateKeyDetector"
    },
    {
      "name": "PypiTokenDetector"
    },
    {
      "name": "SendGridDetector"
    },
    {
      "name": "SlackDetector"
    },
    {
      "name": "SoftlayerDetector"
    },
    {
      "name": "SquareOAuthDetector"
    },
    {
      "name": "StripeDetector"
    },
    {
      "name": "TelegramBotTokenDetector"
    },
    {
      "name": "TwilioKeyDetector"
    }
  ],
  "filters_used": [
    {
      "path": "detect_secrets.filters.allowlist.is_line_allowlisted"
    },
    {
      "path": "detect_secrets.filters.common.is_baseline_file",
      "filename": ".secrets.baseline"
    },
    {
      "path": "detect_secrets.filters.common.is_ignored_due_to_verification_policies",
      "min_level": 2
    },
    {
      "path": "detect_secrets.filters.heuristic.is_indirect_reference"
    },
    {
      "path": "detect_secrets.filters.heuristic.is_likely_id_string"
    },
    {
      "path": "detect_secrets.filters.heuristic.is_lock_file"
    },
    {
      "path": "detect_secrets.filters.heuristic.is_not_alphanumeric_string"
    },
    {
      "path": "detect_secrets.filters.heuristic.is_potential_uuid"
    },
    {
      "path": "detect_secrets.filters.heuristic.is_prefixed_with_dollar_sign"
    },
    {
      "path": "detect_secrets.filters.heuristic.is_sequential_string"
    },
    {
      "path": "detect_secrets.filters.heuristic.is_swagger_file"
    },
    {
      "path": "detect_secrets.filters.heuristic.is_templated_secret"
    },
    {
      "path": "detect_secrets.filters.regex.should_exclude_file",
      "pattern": [
        "\\.git/|htmlcov/|build/|dist/|__pycache__/|tests/test_meta/_.*\\.json"
      ]
    }
  ],
  "results": {
    "CHANGELOG.md": [
      {
        "type": "Secret Keyword",
        "filename": "CHANGELOG.md",
        "hashed_secret": "ec3810e10fb78db55ce38b9c18d1c3eb1db739e0",
        "is_verified": false,
        "line_number": 60
      }
    ],
    "audits\\implemented\\2026-09-02\\06-typing-lint-hygiene.md": [
      {
        "type": "Secret Keyword",
        "filename": "audits\\implemented\\2026-09-02\\06-typing-lint-hygiene.md",
        "hashed_secret": "7db80f28a1fb091468b421ad8692149025bd4748",
        "is_verified": false,
        "line_number": 137
      }
    ],
    "audits\\implemented\\2026-09-03\\02-security.md": [
      {
        "type": "Secret Keyword",
        "filename": "audits\\implemented\\2026-09-03\\02-security.md",
        "hashed_secret": "fef341f85d87439e7d91a2d465b9871ef66b5e98",
        "is_verified": false,
        "line_number": 46
      },
      {
        "type": "Secret Keyword",
        "filename": "audits\\implemented\\2026-09-03\\02-security.md",
        "hashed_secret": "da2d7a149a65b64d670c0fa54f3254696ed3184a",
        "is_verified": false,
        "line_number": 49
      }
    ],
    "audits\\implemented\\2026-09-03\\09-domain-db-web-cloud-llm-text.md": [
      {
        "type": "AWS Access Key",
        "filename": "audits\\implemented\\2026-09-03\\09-domain-db-web-cloud-llm-text.md",
        "hashed_secret": "25910f981e85ca04baf359199dd0bd4a3ae738b6",
        "is_verified": false,
        "line_number": 66
      },
      {
        "type": "Private Key",
        "filename": "audits\\implemented\\2026-09-03\\09-domain-db-web-cloud-llm-text.md",
        "hashed_secret": "be4fc4886bd949b369d5e092eb87494f12e57e5b",
        "is_verified": false,
        "line_number": 66
      },
      {
        "type": "GitHub Token",
        "filename": "audits\\implemented\\2026-09-03\\09-domain-db-web-cloud-llm-text.md",
        "hashed_secret": "e175c6f5f2a92e8623bd9a4820edb4e8c1b0fd10",
        "is_verified": false,
        "line_number": 66
      }
    ],
    "src\\pyutilz\\text\\secrets_scrub.py": [
      {
        "type": "Secret Keyword",
        "filename": "src\\pyutilz\\text\\secrets_scrub.py",
        "hashed_secret": "fef341f85d87439e7d91a2d465b9871ef66b5e98",
        "is_verified": false,
        "line_number": 95
      }
    ],
    "src\\pyutilz\\web\\browser.py": [
      {
        "type": "Secret Keyword",
        "filename": "src\\pyutilz\\web\\browser.py",
        "hashed_secret": "5baa61e4c9b93f3f0682250b6cf8331b7ee68fd8",
        "is_verified": false,
        "line_number": 89
      }
    ],
    "src\\pyutilz\\web\\proxy\\base.py": [
      {
        "type": "Basic Auth Credentials",
        "filename": "src\\pyutilz\\web\\proxy\\base.py",
        "hashed_secret": "9d4e1e23bd5b727046a9e3b4b7db57bd8d6ee684",
        "is_verified": false,
        "line_number": 317
      }
    ],
    "tests\\test_domain_db_web_cloud_llm_text_audit_20260903_llm.py": [
      {
        "type": "Secret Keyword",
        "filename": "tests\\test_domain_db_web_cloud_llm_text_audit_20260903_llm.py",
        "hashed_secret": "b5e35ca700f7e4d77f05b8cd72e0619d5115d036",
        "is_verified": false,
        "line_number": 66
      }
    ],
    "tests\\test_domain_db_web_cloud_llm_text_audit_20260903_text.py": [
      {
        "type": "Base64 High Entropy String",
        "filename": "tests\\test_domain_db_web_cloud_llm_text_audit_20260903_text.py",
        "hashed_secret": "5815d55d299602627066ec1bf99003512ecb2c3d",
        "is_verified": false,
        "line_number": 102
      },
      {
        "type": "GitHub Token",
        "filename": "tests\\test_domain_db_web_cloud_llm_text_audit_20260903_text.py",
        "hashed_secret": "e175c6f5f2a92e8623bd9a4820edb4e8c1b0fd10",
        "is_verified": false,
        "line_number": 102
      },
      {
        "type": "AWS Access Key",
        "filename": "tests\\test_domain_db_web_cloud_llm_text_audit_20260903_text.py",
        "hashed_secret": "25910f981e85ca04baf359199dd0bd4a3ae738b6",
        "is_verified": false,
        "line_number": 103
      },
      {
        "type": "Base64 High Entropy String",
        "filename": "tests\\test_domain_db_web_cloud_llm_text_audit_20260903_text.py",
        "hashed_secret": "b257a66508166b6cc87e6acb5eacc89aa8d99038",
        "is_verified": false,
        "line_number": 104
      },
      {
        "type": "Private Key",
        "filename": "tests\\test_domain_db_web_cloud_llm_text_audit_20260903_text.py",
        "hashed_secret": "be4fc4886bd949b369d5e092eb87494f12e57e5b",
        "is_verified": false,
        "line_number": 114
      }
    ],
    "tests\\test_llm_openai_compat.py": [
      {
        "type": "Secret Keyword",
        "filename": "tests\\test_llm_openai_compat.py",
        "hashed_secret": "3acfb2c2b433c0ea7ff107e33df91b18e52f960f",
        "is_verified": false,
        "line_number": 35
      }
    ],
    "tests\\test_llm_openrouter.py": [
      {
        "type": "Secret Keyword",
        "filename": "tests\\test_llm_openrouter.py",
        "hashed_secret": "3acfb2c2b433c0ea7ff107e33df91b18e52f960f",
        "is_verified": false,
        "line_number": 35
      },
      {
        "type": "Secret Keyword",
        "filename": "tests\\test_llm_openrouter.py",
        "hashed_secret": "0d1919ff4eebc7af7ee04381259deedc059369aa",
        "is_verified": false,
        "line_number": 853
      }
    ],
    "tests\\test_llm_provider_extras.py": [
      {
        "type": "Secret Keyword",
        "filename": "tests\\test_llm_provider_extras.py",
        "hashed_secret": "3acfb2c2b433c0ea7ff107e33df91b18e52f960f",
        "is_verified": false,
        "line_number": 34
      }
    ],
    "tests\\test_meta\\_api_snapshot.json": [
      {
        "type": "Secret Keyword",
        "filename": "tests\\test_meta\\_api_snapshot.json",
        "hashed_secret": "f32b67c7e26342af42efabc674d441dca0a281c5",
        "is_verified": false,
        "line_number": 37
      }
    ],
    "tests\\test_proxy.py": [
      {
        "type": "Secret Keyword",
        "filename": "tests\\test_proxy.py",
        "hashed_secret": "ed65c049bb2f78ee4f703b2158ba9cc6ea31fb7e",
        "is_verified": false,
        "line_number": 32
      },
      {
        "type": "Secret Keyword",
        "filename": "tests\\test_proxy.py",
        "hashed_secret": "e48c47f1431afd3bb030deea266b4309e2228c5b",
        "is_verified": false,
        "line_number": 173
      }
    ],
    "tests\\test_security_audit_20260903.py": [
      {
        "type": "Basic Auth Credentials",
        "filename": "tests\\test_security_audit_20260903.py",
        "hashed_secret": "fef341f85d87439e7d91a2d465b9871ef66b5e98",
        "is_verified": false,
        "line_number": 137
      },
      {
        "type": "Secret Keyword",
        "filename": "tests\\test_security_audit_20260903.py",
        "hashed_secret": "662580ecdccd97fd0058d0da93bf2294d384f3e6",
        "is_verified": false,
        "line_number": 140
      },
      {
        "type": "Secret Keyword",
        "filename": "tests\\test_security_audit_20260903.py",
        "hashed_secret": "fef341f85d87439e7d91a2d465b9871ef66b5e98",
        "is_verified": false,
        "line_number": 160
      },
      {
        "type": "Secret Keyword",
        "filename": "tests\\test_security_audit_20260903.py",
        "hashed_secret": "3b9554a7b54b113a72e7031d5bd44f4700d36347",
        "is_verified": false,
        "line_number": 161
      },
      {
        "type": "Hex High Entropy String",
        "filename": "tests\\test_security_audit_20260903.py",
        "hashed_secret": "b4c9248600a42f8c38c01b632f392dbcb4c7b19a",
        "is_verified": false,
        "line_number": 163
      },
      {
        "type": "Secret Keyword",
        "filename": "tests\\test_security_audit_20260903.py",
        "hashed_secret": "b78f576611ec06f96af3ca654c22172a5d746c40",
        "is_verified": false,
        "line_number": 164
      }
    ],
    "tests\\test_system_extra2.py": [
      {
        "type": "Secret Keyword",
        "filename": "tests\\test_system_extra2.py",
        "hashed_secret": "99d72c7fc3e2e145870beab37c0b70e343ea9c3b",
        "is_verified": false,
        "line_number": 83
      }
    ],
    "tests\\test_web_extra.py": [
      {
        "type": "Basic Auth Credentials",
        "filename": "tests\\test_web_extra.py",
        "hashed_secret": "9d4e1e23bd5b727046a9e3b4b7db57bd8d6ee684",
        "is_verified": false,
        "line_number": 295
      }
    ]
  },
  "generated_at": "2026-09-03T18:25:09Z"
}
